2024-01-15 08:00:01 [INFO] Application started successfully on port 5000
2024-01-15 08:01:23 [INFO] User login: admin@example.com
2024-01-15 08:02:44 [ERROR] NullReferenceException at OrderService.cs line 42 - Object reference not set to an instance of an object
2024-01-15 08:03:11 [WARN] Database connection pool reaching capacity (85/100)
2024-01-15 08:04:30 [ERROR] SqlException: Deadlock found when trying to get lock - transaction rolled back. Error E1042
2024-01-15 08:05:15 [INFO] Background job 'ReportGenerator' started
2024-01-15 08:06:02 [FATAL] OutOfMemoryException - heap exhausted. Cannot allocate 256MB block
2024-01-15 08:06:02 [FATAL] Application crash detected - restarting service
2024-01-15 08:07:00 [INFO] Service restarted
2024-01-15 08:08:12 [ERROR] Timeout: HTTP request to https://api.payments.com/charge exceeded 30000ms
2024-01-15 08:09:45 [WARN] Unauthorized access attempt from IP 192.168.1.55 - endpoint /admin/users
2024-01-15 08:10:33 [ERROR] IOException: Unable to write to /var/log/app/output.log - Permission denied E2001
2024-01-15 08:11:22 [ERROR] HTTP 401 Unauthorized - token expired for user john.doe@company.com
2024-01-15 08:12:55 [ERROR] SocketException: Connection refused to redis:6379 - cache unavailable
2024-01-15 08:13:10 [INFO] Fallback cache activated
2024-01-15 08:14:41 [ERROR] HTTP 500 ServerError in ProductController.GetAll() - unexpected internal error
2024-01-15 08:15:30 [WARN] Network latency spike detected: 2400ms average (threshold: 500ms)
2024-01-15 08:16:05 [ERROR] DBNull value encountered when reading column 'CustomerId' from table 'Orders'
2024-01-15 08:17:22 [ERROR] HTTP 403 Forbidden - user 'guest' attempted to access /api/reports ERR-403
2024-01-15 08:18:44 [ERROR] StackOverflowException in RecursiveParser.Parse() - infinite recursion detected
2024-01-15 08:19:10 [ERROR] Unhandled exception in WorkerThread-3: BadRequest - payload missing required field 'invoiceId'
2024-01-15 08:20:00 [INFO] Health check passed
2024-01-15 08:21:35 [ERROR] AccessDenied: Service account 'svc-worker' lacks write permission on S3 bucket 'prod-uploads'
2024-01-15 08:22:18 [ERROR] HTTP 404 NotFound - resource '/api/products/99999' does not exist
2024-01-15 08:23:55 [WARN] Warning: deprecated API endpoint /v1/orders called - migrate to /v2/orders
2024-01-15 08:24:30 [ERROR] SqlException: Connection to database server timed out after 30s - server: db-primary:5432
2024-01-15 08:25:10 [INFO] Retry attempt 1 of 3 for payment gateway
2024-01-15 08:25:40 [INFO] Retry attempt 2 of 3 for payment gateway
2024-01-15 08:26:10 [ERROR] Payment gateway failure after 3 retries - transaction FAILED for order #ORD-9921
2024-01-15 08:27:00 [ERROR] Critical exception in EmailService.SendAsync() - SMTP server unreachable. Network error
2024-01-15 08:28:33 [INFO] Maintenance window started
